// Jest Snapshot v1, https://goo.gl/fbAQLP

exports[`Must match the snapshot 1`] = `
<div>
  Hello from 
  TypeScript
   and 
  Jest
</div>
`;
