// Jest Snapshot v1, https://goo.gl/fbAQLP

exports[`Must display all child components with correct CSS classes 1`] = `null`;
